  Determining projects to restore...
  All projects are up-to-date for restore.
  SpawnDev.BlazorJS.NexStar -> D:\users\tj\Projects\SpawnDev.BlazorJS.NexStar\SpawnDev.BlazorJS.NexStar\SpawnDev.BlazorJS.NexStar\bin\Debug\net8.0\SpawnDev.BlazorJS.NexStar.dll
D:\users\tj\Projects\SpawnDev.BlazorJS.NexStar\SpawnDev.BlazorJS.NexStar\SpawnDev.BlazorJS.NexStar.App\obj\Debug\net8.0\Microsoft.CodeAnalysis.Razor.Compiler\Microsoft.NET.Sdk.Razor.SourceGenerators.RazorSourceGenerator\Pages_MoonTracker_razor.g.cs(544,15): error CS1026: ) expected [D:\users\tj\Projects\SpawnDev.BlazorJS.NexStar\SpawnDev.BlazorJS.NexStar\SpawnDev.BlazorJS.NexStar.App\SpawnDev.BlazorJS.NexStar.App.csproj]
D:\users\tj\Projects\SpawnDev.BlazorJS.NexStar\SpawnDev.BlazorJS.NexStar\SpawnDev.BlazorJS.NexStar.App\obj\Debug\net8.0\Microsoft.CodeAnalysis.Razor.Compiler\Microsoft.NET.Sdk.Razor.SourceGenerators.RazorSourceGenerator\Pages_MoonTracker_razor.g.cs(567,15): error CS1026: ) expected [D:\users\tj\Projects\SpawnDev.BlazorJS.NexStar\SpawnDev.BlazorJS.NexStar\SpawnDev.BlazorJS.NexStar.App\SpawnDev.BlazorJS.NexStar.App.csproj]
D:\users\tj\Projects\SpawnDev.BlazorJS.NexStar\SpawnDev.BlazorJS.NexStar\SpawnDev.BlazorJS.NexStar.App\obj\Debug\net8.0\Microsoft.CodeAnalysis.Razor.Compiler\Microsoft.NET.Sdk.Razor.SourceGenerators.RazorSourceGenerator\Pages_MoonTracker_razor.g.cs(590,15): error CS1026: ) expected [D:\users\tj\Projects\SpawnDev.BlazorJS.NexStar\SpawnDev.BlazorJS.NexStar\SpawnDev.BlazorJS.NexStar.App\SpawnDev.BlazorJS.NexStar.App.csproj]
D:\users\tj\Projects\SpawnDev.BlazorJS.NexStar\SpawnDev.BlazorJS.NexStar\SpawnDev.BlazorJS.NexStar.App\obj\Debug\net8.0\Microsoft.CodeAnalysis.Razor.Compiler\Microsoft.NET.Sdk.Razor.SourceGenerators.RazorSourceGenerator\Pages_MoonTracker_razor.g.cs(613,15): error CS1026: ) expected [D:\users\tj\Projects\SpawnDev.BlazorJS.NexStar\SpawnDev.BlazorJS.NexStar\SpawnDev.BlazorJS.NexStar.App\SpawnDev.BlazorJS.NexStar.App.csproj]
D:\users\tj\Projects\SpawnDev.BlazorJS.NexStar\SpawnDev.BlazorJS.NexStar\SpawnDev.BlazorJS.NexStar.App\Pages\MoonTracker.razor(110,100): error CS7036: There is no argument given that corresponds to the required parameter 'filter' of 'MoonTracker.SetFeatureFilter(string)' [D:\users\tj\Projects\SpawnDev.BlazorJS.NexStar\SpawnDev.BlazorJS.NexStar\SpawnDev.BlazorJS.NexStar.App\SpawnDev.BlazorJS.NexStar.App.csproj]
D:\users\tj\Projects\SpawnDev.BlazorJS.NexStar\SpawnDev.BlazorJS.NexStar\SpawnDev.BlazorJS.NexStar.App\Pages\MoonTracker.razor(111,106): error CS7036: There is no argument given that corresponds to the required parameter 'filter' of 'MoonTracker.SetFeatureFilter(string)' [D:\users\tj\Projects\SpawnDev.BlazorJS.NexStar\SpawnDev.BlazorJS.NexStar\SpawnDev.BlazorJS.NexStar.App\SpawnDev.BlazorJS.NexStar.App.csproj]
D:\users\tj\Projects\SpawnDev.BlazorJS.NexStar\SpawnDev.BlazorJS.NexStar\SpawnDev.BlazorJS.NexStar.App\Pages\MoonTracker.razor(112,104): error CS7036: There is no argument given that corresponds to the required parameter 'filter' of 'MoonTracker.SetFeatureFilter(string)' [D:\users\tj\Projects\SpawnDev.BlazorJS.NexStar\SpawnDev.BlazorJS.NexStar\SpawnDev.BlazorJS.NexStar.App\SpawnDev.BlazorJS.NexStar.App.csproj]
D:\users\tj\Projects\SpawnDev.BlazorJS.NexStar\SpawnDev.BlazorJS.NexStar\SpawnDev.BlazorJS.NexStar.App\Pages\MoonTracker.razor(113,108): error CS7036: There is no argument given that corresponds to the required parameter 'filter' of 'MoonTracker.SetFeatureFilter(string)' [D:\users\tj\Projects\SpawnDev.BlazorJS.NexStar\SpawnDev.BlazorJS.NexStar\SpawnDev.BlazorJS.NexStar.App\SpawnDev.BlazorJS.NexStar.App.csproj]
D:\users\tj\Projects\SpawnDev.BlazorJS.NexStar\SpawnDev.BlazorJS.NexStar\SpawnDev.BlazorJS.NexStar.App\Pages\LevelAndCompass.razor(112,20): warning CS0414: The field 'LevelAndCompass._statusMessage' is assigned but its value is never used [D:\users\tj\Projects\SpawnDev.BlazorJS.NexStar\SpawnDev.BlazorJS.NexStar\SpawnDev.BlazorJS.NexStar.App\SpawnDev.BlazorJS.NexStar.App.csproj]
D:\users\tj\Projects\SpawnDev.BlazorJS.NexStar\SpawnDev.BlazorJS.NexStar\SpawnDev.BlazorJS.NexStar.App\Pages\LevelAndCompass.razor(113,20): warning CS0414: The field 'LevelAndCompass._statusClass' is assigned but its value is never used [D:\users\tj\Projects\SpawnDev.BlazorJS.NexStar\SpawnDev.BlazorJS.NexStar\SpawnDev.BlazorJS.NexStar.App\SpawnDev.BlazorJS.NexStar.App.csproj]
D:\users\tj\Projects\SpawnDev.BlazorJS.NexStar\SpawnDev.BlazorJS.NexStar\SpawnDev.BlazorJS.NexStar.App\Pages\LevelAndCompass.razor(111,18): warning CS0414: The field 'LevelAndCompass._isLoading' is assigned but its value is never used [D:\users\tj\Projects\SpawnDev.BlazorJS.NexStar\SpawnDev.BlazorJS.NexStar\SpawnDev.BlazorJS.NexStar.App\SpawnDev.BlazorJS.NexStar.App.csproj]

Build FAILED.

D:\users\tj\Projects\SpawnDev.BlazorJS.NexStar\SpawnDev.BlazorJS.NexStar\SpawnDev.BlazorJS.NexStar.App\Pages\LevelAndCompass.razor(112,20): warning CS0414: The field 'LevelAndCompass._statusMessage' is assigned but its value is never used [D:\users\tj\Projects\SpawnDev.BlazorJS.NexStar\SpawnDev.BlazorJS.NexStar\SpawnDev.BlazorJS.NexStar.App\SpawnDev.BlazorJS.NexStar.App.csproj]
D:\users\tj\Projects\SpawnDev.BlazorJS.NexStar\SpawnDev.BlazorJS.NexStar\SpawnDev.BlazorJS.NexStar.App\Pages\LevelAndCompass.razor(113,20): warning CS0414: The field 'LevelAndCompass._statusClass' is assigned but its value is never used [D:\users\tj\Projects\SpawnDev.BlazorJS.NexStar\SpawnDev.BlazorJS.NexStar\SpawnDev.BlazorJS.NexStar.App\SpawnDev.BlazorJS.NexStar.App.csproj]
D:\users\tj\Projects\SpawnDev.BlazorJS.NexStar\SpawnDev.BlazorJS.NexStar\SpawnDev.BlazorJS.NexStar.App\Pages\LevelAndCompass.razor(111,18): warning CS0414: The field 'LevelAndCompass._isLoading' is assigned but its value is never used [D:\users\tj\Projects\SpawnDev.BlazorJS.NexStar\SpawnDev.BlazorJS.NexStar\SpawnDev.BlazorJS.NexStar.App\SpawnDev.BlazorJS.NexStar.App.csproj]
D:\users\tj\Projects\SpawnDev.BlazorJS.NexStar\SpawnDev.BlazorJS.NexStar\SpawnDev.BlazorJS.NexStar.App\obj\Debug\net8.0\Microsoft.CodeAnalysis.Razor.Compiler\Microsoft.NET.Sdk.Razor.SourceGenerators.RazorSourceGenerator\Pages_MoonTracker_razor.g.cs(544,15): error CS1026: ) expected [D:\users\tj\Projects\SpawnDev.BlazorJS.NexStar\SpawnDev.BlazorJS.NexStar\SpawnDev.BlazorJS.NexStar.App\SpawnDev.BlazorJS.NexStar.App.csproj]
D:\users\tj\Projects\SpawnDev.BlazorJS.NexStar\SpawnDev.BlazorJS.NexStar\SpawnDev.BlazorJS.NexStar.App\obj\Debug\net8.0\Microsoft.CodeAnalysis.Razor.Compiler\Microsoft.NET.Sdk.Razor.SourceGenerators.RazorSourceGenerator\Pages_MoonTracker_razor.g.cs(567,15): error CS1026: ) expected [D:\users\tj\Projects\SpawnDev.BlazorJS.NexStar\SpawnDev.BlazorJS.NexStar\SpawnDev.BlazorJS.NexStar.App\SpawnDev.BlazorJS.NexStar.App.csproj]
D:\users\tj\Projects\SpawnDev.BlazorJS.NexStar\SpawnDev.BlazorJS.NexStar\SpawnDev.BlazorJS.NexStar.App\obj\Debug\net8.0\Microsoft.CodeAnalysis.Razor.Compiler\Microsoft.NET.Sdk.Razor.SourceGenerators.RazorSourceGenerator\Pages_MoonTracker_razor.g.cs(590,15): error CS1026: ) expected [D:\users\tj\Projects\SpawnDev.BlazorJS.NexStar\SpawnDev.BlazorJS.NexStar\SpawnDev.BlazorJS.NexStar.App\SpawnDev.BlazorJS.NexStar.App.csproj]
D:\users\tj\Projects\SpawnDev.BlazorJS.NexStar\SpawnDev.BlazorJS.NexStar\SpawnDev.BlazorJS.NexStar.App\obj\Debug\net8.0\Microsoft.CodeAnalysis.Razor.Compiler\Microsoft.NET.Sdk.Razor.SourceGenerators.RazorSourceGenerator\Pages_MoonTracker_razor.g.cs(613,15): error CS1026: ) expected [D:\users\tj\Projects\SpawnDev.BlazorJS.NexStar\SpawnDev.BlazorJS.NexStar\SpawnDev.BlazorJS.NexStar.App\SpawnDev.BlazorJS.NexStar.App.csproj]
D:\users\tj\Projects\SpawnDev.BlazorJS.NexStar\SpawnDev.BlazorJS.NexStar\SpawnDev.BlazorJS.NexStar.App\Pages\MoonTracker.razor(110,100): error CS7036: There is no argument given that corresponds to the required parameter 'filter' of 'MoonTracker.SetFeatureFilter(string)' [D:\users\tj\Projects\SpawnDev.BlazorJS.NexStar\SpawnDev.BlazorJS.NexStar\SpawnDev.BlazorJS.NexStar.App\SpawnDev.BlazorJS.NexStar.App.csproj]
D:\users\tj\Projects\SpawnDev.BlazorJS.NexStar\SpawnDev.BlazorJS.NexStar\SpawnDev.BlazorJS.NexStar.App\Pages\MoonTracker.razor(111,106): error CS7036: There is no argument given that corresponds to the required parameter 'filter' of 'MoonTracker.SetFeatureFilter(string)' [D:\users\tj\Projects\SpawnDev.BlazorJS.NexStar\SpawnDev.BlazorJS.NexStar\SpawnDev.BlazorJS.NexStar.App\SpawnDev.BlazorJS.NexStar.App.csproj]
D:\users\tj\Projects\SpawnDev.BlazorJS.NexStar\SpawnDev.BlazorJS.NexStar\SpawnDev.BlazorJS.NexStar.App\Pages\MoonTracker.razor(112,104): error CS7036: There is no argument given that corresponds to the required parameter 'filter' of 'MoonTracker.SetFeatureFilter(string)' [D:\users\tj\Projects\SpawnDev.BlazorJS.NexStar\SpawnDev.BlazorJS.NexStar\SpawnDev.BlazorJS.NexStar.App\SpawnDev.BlazorJS.NexStar.App.csproj]
D:\users\tj\Projects\SpawnDev.BlazorJS.NexStar\SpawnDev.BlazorJS.NexStar\SpawnDev.BlazorJS.NexStar.App\Pages\MoonTracker.razor(113,108): error CS7036: There is no argument given that corresponds to the required parameter 'filter' of 'MoonTracker.SetFeatureFilter(string)' [D:\users\tj\Projects\SpawnDev.BlazorJS.NexStar\SpawnDev.BlazorJS.NexStar\SpawnDev.BlazorJS.NexStar.App\SpawnDev.BlazorJS.NexStar.App.csproj]
    3 Warning(s)
    8 Error(s)

Time Elapsed 00:00:01.38
